// Jest Snapshot v1, https://jestjs.io/docs/snapshot-testing

exports[`DraftPokemon coverage matches the recorded baseline for a Pokemon with no Tera type set 1`] = `
{
  "physical": [
    {
      "cPower": 8181.25,
      "category": "Physical",
      "ePower": 148.75,
      "id": "lastresort",
      "name": "Last Resort",
      "stab": undefined,
      "type": "Normal",
    },
    {
      "cPower": 4382.8125,
      "category": "Physical",
      "ePower": 79.6875,
      "id": "brickbreak",
      "name": "Brick Break",
      "stab": undefined,
      "type": "Fighting",
    },
    {
      "cPower": 1168.75,
      "category": "Physical",
      "ePower": 21.25,
      "id": "dig",
      "name": "Dig",
      "stab": undefined,
      "type": "Ground",
    },
    {
      "cPower": 3798.4375,
      "category": "Physical",
      "ePower": 69.0625,
      "id": "knockoff",
      "name": "Knock Off",
      "stab": undefined,
      "type": "Dark",
    },
    {
      "cPower": 1249.1015624999998,
      "category": "Physical",
      "ePower": 22.710937499999996,
      "id": "fly",
      "name": "Fly",
      "stab": undefined,
      "type": "Flying",
    },
    {
      "cPower": 3506.25,
      "category": "Physical",
      "ePower": 63.75,
      "id": "heartstamp",
      "name": "Heart Stamp",
      "stab": undefined,
      "type": "Psychic",
    },
    {
      "cPower": 4382.8125,
      "category": "Physical",
      "ePower": 79.6875,
      "id": "irontail",
      "name": "Iron Tail",
      "stab": undefined,
      "type": "Steel",
    },
    {
      "cPower": 10518.75,
      "category": "Physical",
      "ePower": 127.5,
      "id": "volttackle",
      "name": "Volt Tackle",
      "stab": true,
      "type": "Electric",
    },
    {
      "cPower": 4733.4375,
      "category": "Physical",
      "ePower": 86.0625,
      "id": "playrough",
      "name": "Play Rough",
      "stab": undefined,
      "type": "Fairy",
    },
    {
      "cPower": 394.453125,
      "category": "Physical",
      "ePower": 7.171875,
      "id": "rollout",
      "name": "Rollout",
      "stab": undefined,
      "type": "Rock",
    },
    {
      "cPower": 2921.875,
      "category": "Physical",
      "ePower": 53.125,
      "id": "trailblaze",
      "name": "Trailblaze",
      "stab": undefined,
      "type": "Grass",
    },
  ],
  "special": [
    {
      "cPower": 4250,
      "category": "Special",
      "ePower": 85,
      "id": "alluringvoice",
      "name": "Alluring Voice",
      "stab": undefined,
      "type": "Fairy",
    },
    {
      "cPower": 7171.875,
      "category": "Special",
      "ePower": 95.625,
      "id": "thunderbolt",
      "name": "Thunderbolt",
      "stab": true,
      "type": "Electric",
    },
    {
      "cPower": 4250,
      "category": "Special",
      "ePower": 85,
      "id": "terablast",
      "name": "Tera Blast",
      "stab": undefined,
      "type": "Normal",
    },
    {
      "cPower": 0,
      "category": "Special",
      "ePower": 0,
      "id": "grassknot",
      "name": "Grass Knot",
      "stab": undefined,
      "type": "Grass",
    },
    {
      "cPower": 1062.5,
      "category": "Special",
      "ePower": 21.25,
      "id": "mudslap",
      "name": "Mud-Slap",
      "stab": undefined,
      "type": "Ground",
    },
    {
      "cPower": 3984.375,
      "category": "Special",
      "ePower": 79.6875,
      "id": "signalbeam",
      "name": "Signal Beam",
      "stab": undefined,
      "type": "Bug",
    },
    {
      "cPower": 4781.25,
      "category": "Special",
      "ePower": 95.625,
      "id": "surf",
      "name": "Surf",
      "stab": undefined,
      "type": "Water",
    },
  ],
}
`;

exports[`DraftPokemon fullcoverage matches the recorded baseline grouping moves by type 1`] = `
{
  "physical": {
    "Dark": [
      {
        "accuracy": "100",
        "basePower": "65",
        "category": "Physical",
        "desc": "1.5x damage if foe holds an item. Removes item.",
        "id": "knockoff",
        "name": "Knock Off",
        "pp": 32,
        "type": "Dark",
        "value": 0.3333333333333333,
      },
      {
        "accuracy": "100",
        "basePower": "60",
        "category": "Physical",
        "desc": "If the user has no item, it steals the target's.",
        "id": "thief",
        "name": "Thief",
        "pp": 40,
        "type": "Dark",
        "value": 0.3333333333333333,
      },
      {
        "accuracy": "100",
        "basePower": "-",
        "category": "Physical",
        "desc": "Flings the user's item at the target. Power varies.",
        "id": "fling",
        "name": "Fling",
        "pp": 16,
        "type": "Dark",
        "value": 0.3333333333333333,
      },
    ],
    "Electric": [
      {
        "accuracy": "100",
        "basePower": "120",
        "category": "Physical",
        "desc": "Has 33% recoil. 10% chance to paralyze target.",
        "id": "volttackle",
        "name": "Volt Tackle",
        "pp": 24,
        "type": "Electric",
        "value": 0.2,
      },
      {
        "accuracy": "100",
        "basePower": "90",
        "category": "Physical",
        "desc": "Has 1/4 recoil.",
        "id": "wildcharge",
        "name": "Wild Charge",
        "pp": 24,
        "type": "Electric",
        "value": 0.2,
      },
      {
        "accuracy": "100",
        "basePower": "75",
        "category": "Physical",
        "desc": "10% chance to paralyze the target.",
        "id": "thunderpunch",
        "name": "Thunder Punch",
        "pp": 24,
        "type": "Electric",
        "value": 0.2,
      },
      {
        "accuracy": "100",
        "basePower": "65",
        "category": "Physical",
        "desc": "30% chance to paralyze the target.",
        "id": "spark",
        "name": "Spark",
        "pp": 32,
        "type": "Electric",
        "value": 0.2,
      },
      {
        "accuracy": "100",
        "basePower": "20",
        "category": "Physical",
        "desc": "100% chance to paralyze the target.",
        "id": "nuzzle",
        "name": "Nuzzle",
        "pp": 32,
        "type": "Electric",
        "value": 0.2,
      },
    ],
    "Fairy": [
      {
        "accuracy": "90",
        "basePower": "90",
        "category": "Physical",
        "desc": "10% chance to lower the target's Attack by 1.",
        "id": "playrough",
        "name": "Play Rough",
        "pp": 16,
        "type": "Fairy",
        "value": 1,
      },
    ],
    "Fighting": [
      {
        "accuracy": "100",
        "basePower": "75",
        "category": "Physical",
        "desc": "Destroys screens, unless the target is immune.",
        "id": "brickbreak",
        "name": "Brick Break",
        "pp": 24,
        "type": "Fighting",
        "value": 0.1,
      },
      {
        "accuracy": "100",
        "basePower": "65",
        "category": "Physical",
        "desc": "100% flinch. Fails unless target using priority.",
        "id": "upperhand",
        "name": "Upper Hand",
        "pp": 24,
        "type": "Fighting",
        "value": 0.1,
      },
      {
        "accuracy": "80",
        "basePower": "80",
        "category": "Physical",
        "desc": "Has 1/4 recoil.",
        "id": "submission",
        "name": "Submission",
        "pp": 32,
        "type": "Fighting",
        "value": 0.1,
      },
      {
        "accuracy": "100",
        "basePower": "30",
        "category": "Physical",
        "desc": "Hits 2 times in one turn.",
        "id": "doublekick",
        "name": "Double Kick",
        "pp": 48,
        "type": "Fighting",
        "value": 0.1,
      },
      {
        "accuracy": "50",
        "basePower": "100",
        "category": "Physical",
        "desc": "100% chance to confuse the target.",
        "id": "dynamicpunch",
        "name": "Dynamic Punch",
        "pp": 8,
        "type": "Fighting",
        "value": 0.1,
      },
      {
        "accuracy": "100",
        "basePower": "40",
        "category": "Physical",
        "desc": "50% chance to lower the target's Defense by 1.",
        "id": "rocksmash",
        "name": "Rock Smash",
        "pp": 24,
        "type": "Fighting",
        "value": 0.1,
      },
      {
        "accuracy": "100",
        "basePower": "150",
        "category": "Physical",
        "desc": "Fails if the user takes damage before it hits.",
        "id": "focuspunch",
        "name": "Focus Punch",
        "pp": 32,
        "type": "Fighting",
        "value": 0.1,
      },
      {
        "accuracy": "100",
        "basePower": "-",
        "category": "Physical",
        "desc": "If hit by physical attack, returns double damage.",
        "id": "counter",
        "name": "Counter",
        "pp": 32,
        "type": "Fighting",
        "value": 0.1,
      },
      {
        "accuracy": "100",
        "basePower": "-",
        "category": "Physical",
        "desc": "More power the less HP the user has left.",
        "id": "reversal",
        "name": "Reversal",
        "pp": 24,
        "type": "Fighting",
        "value": 0.1,
      },
      {
        "accuracy": "100",
        "basePower": "-",
        "category": "Physical",
        "desc": "Does damage equal to the user's level.",
        "id": "seismictoss",
        "name": "Seismic Toss",
        "pp": 32,
        "type": "Fighting",
        "value": 0.1,
      },
    ],
    "Flying": [
      {
        "accuracy": "95",
        "basePower": "90",
        "category": "Physical",
        "desc": "Flies up on first turn, then strikes the next turn.",
        "id": "fly",
        "name": "Fly",
        "pp": 24,
        "type": "Flying",
        "value": 1,
      },
    ],
    "Grass": [
      {
        "accuracy": "100",
        "basePower": "50",
        "category": "Physical",
        "desc": "100% chance to raise the user's Speed by 1.",
        "id": "trailblaze",
        "name": "Trailblaze",
        "pp": 32,
        "type": "Grass",
        "value": 1,
      },
    ],
    "Ground": [
      {
        "accuracy": "100",
        "basePower": "80",
        "category": "Physical",
        "desc": "Digs underground turn 1, strikes turn 2.",
        "id": "dig",
        "name": "Dig",
        "pp": 16,
        "type": "Ground",
        "value": 1,
      },
    ],
    "Normal": [
      {
        "accuracy": "100",
        "basePower": "140",
        "category": "Physical",
        "desc": "Fails unless each known move has been used.",
        "id": "lastresort",
        "name": "Last Resort",
        "pp": 8,
        "type": "Normal",
        "value": 0.037037037037037035,
      },
      {
        "accuracy": "100",
        "basePower": "120",
        "category": "Physical",
        "desc": "Has 33% recoil.",
        "id": "doubleedge",
        "name": "Double-Edge",
        "pp": 24,
        "type": "Normal",
        "value": 0.037037037037037035,
      },
      {
        "accuracy": "75",
        "basePower": "120",
        "category": "Physical",
        "desc": "No additional effect.",
        "id": "megakick",
        "name": "Mega Kick",
        "pp": 8,
        "type": "Normal",
        "value": 0.037037037037037035,
      },
      {
        "accuracy": "100",
        "basePower": "85",
        "category": "Physical",
        "desc": "30% chance to paralyze the target.",
        "id": "bodyslam",
        "name": "Body Slam",
        "pp": 24,
        "type": "Normal",
        "value": 0.037037037037037035,
      },
      {
        "accuracy": "100",
        "basePower": "80",
        "category": "Physical",
        "desc": "Nearly always goes first.",
        "id": "extremespeed",
        "name": "Extreme Speed",
        "pp": 8,
        "type": "Normal",
        "value": 0.037037037037037035,
      },
      {
        "accuracy": "100",
        "basePower": "80",
        "category": "Physical",
        "desc": "No additional effect.",
        "id": "strength",
        "name": "Strength",
        "pp": 24,
        "type": "Normal",
        "value": 0.037037037037037035,
      },
      {
        "accuracy": "85",
        "basePower": "90",
        "category": "Physical",
        "desc": "Has 1/4 recoil.",
        "id": "takedown",
        "name": "Take Down",
        "pp": 32,
        "type": "Normal",
        "value": 0.037037037037037035,
      },
      {
        "accuracy": "100",
        "basePower": "70",
        "category": "Physical",
        "desc": "Power doubles if user is burn/poison/paralyzed.",
        "id": "facade",
        "name": "Facade",
        "pp": 32,
        "type": "Normal",
        "value": 0.037037037037037035,
      },
      {
        "accuracy": "100",
        "basePower": "70",
        "category": "Physical",
        "desc": "30% chance to make the target flinch.",
        "id": "headbutt",
        "name": "Headbutt",
        "pp": 24,
        "type": "Normal",
        "value": 0.037037037037037035,
      },
      {
        "accuracy": "100",
        "basePower": "70",
        "category": "Physical",
        "desc": "Effect varies with terrain. (30% paralysis chance)",
        "id": "secretpower",
        "name": "Secret Power",
        "pp": 32,
        "type": "Normal",
        "value": 0.037037037037037035,
      },
      {
        "accuracy": "85",
        "basePower": "80",
        "category": "Physical",
        "desc": "No additional effect.",
        "id": "megapunch",
        "name": "Mega Punch",
        "pp": 32,
        "type": "Normal",
        "value": 0.037037037037037035,
      },
      {
        "accuracy": "100",
        "basePower": "130",
        "category": "Physical",
        "desc": "Raises user's Defense by 1 on turn 1. Hits turn 2.",
        "id": "skullbash",
        "name": "Skull Bash",
        "pp": 16,
        "type": "Normal",
        "value": 0.037037037037037035,
      },
      {
        "accuracy": "100",
        "basePower": "60",
        "category": "Physical",
        "desc": "If the user has no item, it steals the target's.",
        "id": "covet",
        "name": "Covet",
        "pp": 40,
        "type": "Normal",
        "value": 0.037037037037037035,
      },
      {
        "accuracy": "75",
        "basePower": "80",
        "category": "Physical",
        "desc": "No additional effect.",
        "id": "slam",
        "name": "Slam",
        "pp": 32,
        "type": "Normal",
        "value": 0.037037037037037035,
      },
      {
        "accuracy": "85",
        "basePower": "15",
        "category": "Physical",
        "desc": "Hits 2-5 times in one turn.",
        "id": "doubleslap",
        "name": "Double Slap",
        "pp": 16,
        "type": "Normal",
        "value": 0.037037037037037035,
      },
      {
        "accuracy": "100",
        "basePower": "40",
        "category": "Physical",
        "desc": "Hits first. First turn out only. 100% flinch chance.",
        "id": "fakeout",
        "name": "Fake Out",
        "pp": 16,
        "type": "Normal",
        "value": 0.037037037037037035,
      },
      {
        "accuracy": "100",
        "basePower": "40",
        "category": "Physical",
        "desc": "Scatters coins.",
        "id": "payday",
        "name": "Pay Day",
        "pp": 32,
        "type": "Normal",
        "value": 0.037037037037037035,
      },
      {
        "accuracy": "100",
        "basePower": "40",
        "category": "Physical",
        "desc": "Usually goes first.",
        "id": "quickattack",
        "name": "Quick Attack",
        "pp": 48,
        "type": "Normal",
        "value": 0.037037037037037035,
      },
      {
        "accuracy": "100",
        "basePower": "30",
        "category": "Physical",
        "desc": "Nullifies Detect, Protect, and Quick/Wide Guard.",
        "id": "feint",
        "name": "Feint",
        "pp": 16,
        "type": "Normal",
        "value": 0.037037037037037035,
      },
      {
        "accuracy": "100",
        "basePower": "20",
        "category": "Physical",
        "desc": "Raises the user's Attack by 1 if hit during use.",
        "id": "rage",
        "name": "Rage",
        "pp": 32,
        "type": "Normal",
        "value": 0.037037037037037035,
      },
      {
        "accuracy": "-",
        "basePower": "-",
        "category": "Physical",
        "desc": "Waits 2 turns; deals double the damage taken.",
        "id": "bide",
        "name": "Bide",
        "pp": 16,
        "type": "Normal",
        "value": 0.037037037037037035,
      },
      {
        "accuracy": "100",
        "basePower": "-",
        "category": "Physical",
        "desc": "Lowers the target's HP to the user's HP.",
        "id": "endeavor",
        "name": "Endeavor",
        "pp": 8,
        "type": "Normal",
        "value": 0.037037037037037035,
      },
      {
        "accuracy": "100",
        "basePower": "-",
        "category": "Physical",
        "desc": "Max 102 power at minimum Happiness.",
        "id": "frustration",
        "name": "Frustration",
        "pp": 32,
        "type": "Normal",
        "value": 0.037037037037037035,
      },
      {
        "accuracy": "100",
        "basePower": "-",
        "category": "Physical",
        "desc": "Power and type depends on the user's Berry.",
        "id": "naturalgift",
        "name": "Natural Gift",
        "pp": 24,
        "type": "Normal",
        "value": 0.037037037037037035,
      },
      {
        "accuracy": "90",
        "basePower": "-",
        "category": "Physical",
        "desc": "40, 80, 120 power, or heals target 1/4 max HP.",
        "id": "present",
        "name": "Present",
        "pp": 24,
        "type": "Normal",
        "value": 0.037037037037037035,
      },
      {
        "accuracy": "100",
        "basePower": "-",
        "category": "Physical",
        "desc": "Max 102 power at maximum Happiness.",
        "id": "return",
        "name": "Return",
        "pp": 32,
        "type": "Normal",
        "value": 0.037037037037037035,
      },
      {
        "accuracy": "100",
        "basePower": "-",
        "category": "Physical",
        "desc": "More power the less HP the user has left.",
        "id": "flail",
        "name": "Flail",
        "pp": 24,
        "type": "Normal",
        "value": 0.037037037037037035,
      },
    ],
    "Psychic": [
      {
        "accuracy": "100",
        "basePower": "60",
        "category": "Physical",
        "desc": "30% chance to make the target flinch.",
        "id": "heartstamp",
        "name": "Heart Stamp",
        "pp": 40,
        "type": "Psychic",
        "value": 1,
      },
    ],
    "Rock": [
      {
        "accuracy": "90",
        "basePower": "30",
        "category": "Physical",
        "desc": "Power doubles with each hit. Repeats for 5 turns.",
        "id": "rollout",
        "name": "Rollout",
        "pp": 32,
        "type": "Rock",
        "value": 1,
      },
    ],
    "Steel": [
      {
        "accuracy": "75",
        "basePower": "100",
        "category": "Physical",
        "desc": "30% chance to lower the target's Defense by 1.",
        "id": "irontail",
        "name": "Iron Tail",
        "pp": 24,
        "type": "Steel",
        "value": 1,
      },
    ],
  },
  "special": {
    "Bug": [
      {
        "accuracy": "100",
        "basePower": "75",
        "category": "Special",
        "desc": "10% chance to confuse the target.",
        "id": "signalbeam",
        "name": "Signal Beam",
        "pp": 24,
        "type": "Bug",
        "value": 1,
      },
    ],
    "Electric": [
      {
        "accuracy": "100",
        "basePower": "90",
        "category": "Special",
        "desc": "10% chance to paralyze the target.",
        "id": "thunderbolt",
        "name": "Thunderbolt",
        "pp": 24,
        "type": "Electric",
        "value": 0.09090909090909091,
      },
      {
        "accuracy": "100",
        "basePower": "80",
        "category": "Special",
        "desc": "30% chance to paralyze adjacent Pokemon.",
        "id": "discharge",
        "name": "Discharge",
        "pp": 24,
        "type": "Electric",
        "value": 0.09090909090909091,
      },
      {
        "accuracy": "70",
        "basePower": "110",
        "category": "Special",
        "desc": "30% chance to paralyze. Can't miss in rain.",
        "id": "thunder",
        "name": "Thunder",
        "pp": 16,
        "type": "Electric",
        "value": 0.09090909090909091,
      },
      {
        "accuracy": "100",
        "basePower": "70",
        "category": "Special",
        "desc": "2x power if target is grounded in Electric Terrain.",
        "id": "risingvoltage",
        "name": "Rising Voltage",
        "pp": 32,
        "type": "Electric",
        "value": 0.09090909090909091,
      },
      {
        "accuracy": "100",
        "basePower": "70",
        "category": "Special",
        "desc": "User switches out after damaging the target.",
        "id": "voltswitch",
        "name": "Volt Switch",
        "pp": 32,
        "type": "Electric",
        "value": 0.09090909090909091,
      },
      {
        "accuracy": "-",
        "basePower": "60",
        "category": "Special",
        "desc": "This move does not check accuracy.",
        "id": "shockwave",
        "name": "Shock Wave",
        "pp": 32,
        "type": "Electric",
        "value": 0.09090909090909091,
      },
      {
        "accuracy": "50",
        "basePower": "120",
        "category": "Special",
        "desc": "100% chance to paralyze the target.",
        "id": "zapcannon",
        "name": "Zap Cannon",
        "pp": 8,
        "type": "Electric",
        "value": 0.09090909090909091,
      },
      {
        "accuracy": "95",
        "basePower": "55",
        "category": "Special",
        "desc": "100% chance to lower the foe(s) Speed by 1.",
        "id": "electroweb",
        "name": "Electroweb",
        "pp": 24,
        "type": "Electric",
        "value": 0.09090909090909091,
      },
      {
        "accuracy": "90",
        "basePower": "50",
        "category": "Special",
        "desc": "70% chance to raise the user's Sp. Atk by 1.",
        "id": "chargebeam",
        "name": "Charge Beam",
        "pp": 16,
        "type": "Electric",
        "value": 0.09090909090909091,
      },
      {
        "accuracy": "100",
        "basePower": "40",
        "category": "Special",
        "desc": "10% chance to paralyze the target.",
        "id": "thundershock",
        "name": "Thunder Shock",
        "pp": 48,
        "type": "Electric",
        "value": 0.09090909090909091,
      },
      {
        "accuracy": "100",
        "basePower": "-",
        "category": "Special",
        "desc": "More power the faster the user is than the target.",
        "id": "electroball",
        "name": "Electro Ball",
        "pp": 16,
        "type": "Electric",
        "value": 0.09090909090909091,
      },
    ],
    "Fairy": [
      {
        "accuracy": "100",
        "basePower": "80",
        "category": "Special",
        "desc": "100% confuse target that had a stat rise this turn.",
        "id": "alluringvoice",
        "name": "Alluring Voice",
        "pp": 16,
        "type": "Fairy",
        "value": 0.3333333333333333,
      },
      {
        "accuracy": "100",
        "basePower": "50",
        "category": "Special",
        "desc": "User recovers 75% of the damage dealt.",
        "id": "drainingkiss",
        "name": "Draining Kiss",
        "pp": 16,
        "type": "Fairy",
        "value": 0.3333333333333333,
      },
      {
        "accuracy": "-",
        "basePower": "40",
        "category": "Special",
        "desc": "This move does not check accuracy. Hits foes.",
        "id": "disarmingvoice",
        "name": "Disarming Voice",
        "pp": 24,
        "type": "Fairy",
        "value": 0.3333333333333333,
      },
    ],
    "Grass": [
      {
        "accuracy": "100",
        "basePower": "-",
        "category": "Special",
        "desc": "More power the heavier the target.",
        "id": "grassknot",
        "name": "Grass Knot",
        "pp": 32,
        "type": "Grass",
        "value": 1,
      },
    ],
    "Ground": [
      {
        "accuracy": "100",
        "basePower": "20",
        "category": "Special",
        "desc": "100% chance to lower the target's accuracy by 1.",
        "id": "mudslap",
        "name": "Mud-Slap",
        "pp": 16,
        "type": "Ground",
        "value": 1,
      },
    ],
    "Normal": [
      {
        "accuracy": "100",
        "basePower": "80",
        "category": "Special",
        "desc": "If Terastallized: Phys. if Atk > SpA, type = Tera.",
        "id": "terablast",
        "name": "Tera Blast",
        "pp": 16,
        "type": "Normal",
        "value": 0.14285714285714285,
      },
      {
        "accuracy": "100",
        "basePower": "60",
        "category": "Special",
        "desc": "Varies in type based on the user's IVs.",
        "id": "hiddenpower",
        "name": "Hidden Power",
        "pp": 24,
        "type": "Normal",
        "value": 0.14285714285714285,
      },
      {
        "accuracy": "100",
        "basePower": "60",
        "category": "Special",
        "desc": "Power doubles if others used Round this turn.",
        "id": "round",
        "name": "Round",
        "pp": 24,
        "type": "Normal",
        "value": 0.14285714285714285,
      },
      {
        "accuracy": "-",
        "basePower": "60",
        "category": "Special",
        "desc": "This move does not check accuracy. Hits foes.",
        "id": "swift",
        "name": "Swift",
        "pp": 32,
        "type": "Normal",
        "value": 0.14285714285714285,
      },
      {
        "accuracy": "100",
        "basePower": "50",
        "category": "Special",
        "desc": "User must be asleep. 30% chance to flinch target.",
        "id": "snore",
        "name": "Snore",
        "pp": 24,
        "type": "Normal",
        "value": 0.14285714285714285,
      },
      {
        "accuracy": "100",
        "basePower": "90",
        "category": "Special",
        "desc": "Lasts 3 turns. Active Pokemon cannot fall asleep.",
        "id": "uproar",
        "name": "Uproar",
        "pp": 16,
        "type": "Normal",
        "value": 0.14285714285714285,
      },
      {
        "accuracy": "100",
        "basePower": "40",
        "category": "Special",
        "desc": "Power increases when used on consecutive turns.",
        "id": "echoedvoice",
        "name": "Echoed Voice",
        "pp": 24,
        "type": "Normal",
        "value": 0.14285714285714285,
      },
    ],
    "Water": [
      {
        "accuracy": "100",
        "basePower": "90",
        "category": "Special",
        "desc": "Hits adjacent Pokemon. Double damage on Dive.",
        "id": "surf",
        "name": "Surf",
        "pp": 24,
        "type": "Water",
        "value": 1,
      },
    ],
  },
}
`;
